// Jest Snapshot v1, https://goo.gl/fbAQLP

exports[`Login renders correctly 1`] = `
<View
  style={
    Object {
      "flex": 1,
    }
  }
>
  <RCTSafeAreaView
    emulateUnlessSupported={true}
  >
    <RCTScrollView
      ItemSeparatorComponent={[Function]}
      ListHeaderComponent={
        <TopNavigation
          accessoryLeft={[Function]}
          accessoryRight={[Function]}
          title="Home"
        />
      }
      appearance="default"
      data={null}
      disableVirtualization={false}
      getItem={[Function]}
      getItemCount={[Function]}
      horizontal={false}
      initialNumToRender={10}
      keyExtractor={[Function]}
      maxToRenderPerBatch={10}
      onContentSizeChange={[Function]}
      onEndReachedThreshold={2}
      onLayout={[Function]}
      onMomentumScrollEnd={[Function]}
      onScroll={[Function]}
      onScrollBeginDrag={[Function]}
      onScrollEndDrag={[Function]}
      removeClippedSubviews={false}
      renderItem={[Function]}
      scrollEventThrottle={50}
      stickyHeaderIndices={
        Array [
          0,
        ]
      }
      style={
        Array [
          Object {
            "backgroundColor": "#F7F9FC",
          },
          undefined,
        ]
      }
      updateCellsBatchingPeriod={50}
      viewabilityConfigCallbackPairs={Array []}
      windowSize={21}
    >
      <View>
        <View
          onLayout={[Function]}
        >
          <View
            appearance="default"
            style={
              Array [
                Object {
                  "backgroundColor": "#FFFFFF",
                  "minHeight": 56,
                  "paddingHorizontal": 8,
                  "paddingVertical": 8,
                },
                Object {
                  "alignItems": "center",
                  "flexDirection": "row",
                },
                undefined,
                undefined,
              ]
            }
          >
            <View
              style={
                Object {
                  "flexDirection": "row",
                  "zIndex": 1,
                }
              }
            >
              <View
                accessible={true}
                focusable={true}
                onClick={[Function]}
                onResponderGrant={[Function]}
                onResponderMove={[Function]}
                onResponderRelease={[Function]}
                onResponderTerminate={[Function]}
                onResponderTerminationRequest={[Function]}
                onStartShouldSetResponder={[Function]}
                style={
                  Object {
                    "marginHorizontal": 8,
                    "opacity": 1,
                  }
                }
              >
                <View
                  style={
                    Object {
                      "transform": Array [
                        Object {
                          "scale": 1,
                        },
                      ],
                    }
                  }
                >
                  <RNSVGSvgView
                    align="xMidYMid"
                    bbHeight={24}
                    bbWidth={24}
                    fill="#222B45"
                    focusable={false}
                    meetOrSlice={0}
                    minX={0}
                    minY={0}
                    style={
                      Array [
                        Object {
                          "backgroundColor": "transparent",
                          "borderWidth": 0,
                        },
                        Object {
                          "height": 24,
                          "tintColor": "#222B45",
                          "width": 24,
                        },
                        Object {
                          "flex": 0,
                          "height": 24,
                          "width": 24,
                        },
                      ]
                    }
                    vbHeight={24}
                    vbWidth={24}
                  >
                    <RNSVGGroup
                      fill={4280429381}
                      propList={
                        Array [
                          "fill",
                        ]
                      }
                    >
                      <RNSVGGroup>
                        <RNSVGGroup>
                          <RNSVGRect
                            height="24"
                            matrix={
                              Array [
                                -1,
                                1.2246467991473532e-16,
                                -1.2246467991473532e-16,
                                -1,
                                24,
                                24,
                              ]
                            }
                            opacity={0}
                            width="24"
                            x={0}
                            y={0}
                          />
                          <RNSVGRect
                            height="2"
                            rx=".95"
                            ry=".95"
                            width="18"
                            x="3"
                            y="11"
                          />
                          <RNSVGRect
                            height="2"
                            rx=".95"
                            ry=".95"
                            width="18"
                            x="3"
                            y="16"
                          />
                          <RNSVGRect
                            height="2"
                            rx=".95"
                            ry=".95"
                            width="18"
                            x="3"
                            y="6"
                          />
                        </RNSVGGroup>
                      </RNSVGGroup>
                    </RNSVGGroup>
                  </RNSVGSvgView>
                </View>
              </View>
            </View>
            <View>
              <Text
                appearance="default"
                category="p1"
                style={
                  Array [
                    Object {
                      "color": "#222B45",
                      "fontFamily": "System",
                      "fontSize": 15,
                      "fontWeight": "400",
                    },
                    Object {
                      "color": "#222B45",
                      "fontFamily": "System",
                      "fontSize": 15,
                      "fontWeight": "600",
                      "textAlign": "left",
                    },
                  ]
                }
              >
                Home
              </Text>
            </View>
            <View
              style={
                Array [
                  Object {
                    "flexDirection": "row",
                    "zIndex": 1,
                  },
                  Object {
                    "flex": 1,
                    "justifyContent": "flex-end",
                  },
                ]
              }
            >
              <View
                accessible={true}
                focusable={true}
                onClick={[Function]}
                onResponderGrant={[Function]}
                onResponderMove={[Function]}
                onResponderRelease={[Function]}
                onResponderTerminate={[Function]}
                onResponderTerminationRequest={[Function]}
                onStartShouldSetResponder={[Function]}
                style={
                  Object {
                    "marginHorizontal": 8,
                    "opacity": 1,
                  }
                }
              >
                <View
                  style={
                    Object {
                      "transform": Array [
                        Object {
                          "scale": 1,
                        },
                      ],
                    }
                  }
                >
                  <RNSVGSvgView
                    align="xMidYMid"
                    bbHeight={24}
                    bbWidth={24}
                    fill="#222B45"
                    focusable={false}
                    meetOrSlice={0}
                    minX={0}
                    minY={0}
                    style={
                      Array [
                        Object {
                          "backgroundColor": "transparent",
                          "borderWidth": 0,
                        },
                        Object {
                          "height": 24,
                          "tintColor": "#222B45",
                          "width": 24,
                        },
                        Object {
                          "flex": 0,
                          "height": 24,
                          "width": 24,
                        },
                      ]
                    }
                    vbHeight={24}
                    vbWidth={24}
                  >
                    <RNSVGGroup
                      fill={4280429381}
                      propList={
                        Array [
                          "fill",
                        ]
                      }
                    >
                      <RNSVGGroup>
                        <RNSVGGroup>
                          <RNSVGRect
                            height="24"
                            opacity={0}
                            width="24"
                            x={0}
                            y={0}
                          />
                          <RNSVGPath
                            d="M20.52 15.21l-1.8-1.81V8.94a6.86 6.86 0 0 0-5.82-6.88 6.74 6.74 0 0 0-7.62 6.67v4.67l-1.8 1.81A1.64 1.64 0 0 0 4.64 18H8v.34A3.84 3.84 0 0 0 12 22a3.84 3.84 0 0 0 4-3.66V18h3.36a1.64 1.64 0 0 0 1.16-2.79zM14 18.34A1.88 1.88 0 0 1 12 20a1.88 1.88 0 0 1-2-1.66V18h4zM5.51 16l1.18-1.18a2 2 0 0 0 .59-1.42V8.73A4.73 4.73 0 0 1 8.9 5.17 4.67 4.67 0 0 1 12.64 4a4.86 4.86 0 0 1 4.08 4.9v4.5a2 2 0 0 0 .58 1.42L18.49 16z"
                          />
                        </RNSVGGroup>
                      </RNSVGGroup>
                    </RNSVGGroup>
                  </RNSVGSvgView>
                </View>
              </View>
            </View>
          </View>
        </View>
      </View>
    </RCTScrollView>
  </RCTSafeAreaView>
</View>
`;
